Info: Starting: Create block symbol file (.bsf)
Info: qsys-generate /home/user/projects/verilog-mic-array/synth/zeowaa/ip/logic_analyzer.qsys --block-symbol-file --output-directory=/home/user/projects/verilog-mic-array/synth/zeowaa/ip/logic_analyzer --family="Cyclone IV E" --part=EP4CE6E22C8
Progress: Loading ip/logic_analyzer.qsys
Progress: Reading input file
Progress: Adding signaltap_ii_logic_analyzer_0 [altera_signaltap_ii_logic_analyzer 24.1]
Progress: Parameterizing module signaltap_ii_logic_analyzer_0
Progress: Building connections
Progress: Parameterizing connections
Progress: Validating
Progress: Done reading input file
Info: qsys-generate succeeded.
Info: Finished: Create block symbol file (.bsf)
Info: 
Info: Starting: Create HDL design files for synthesis
Info: qsys-generate /home/user/projects/verilog-mic-array/synth/zeowaa/ip/logic_analyzer.qsys --synthesis=VERILOG --output-directory=/home/user/projects/verilog-mic-array/synth/zeowaa/ip/logic_analyzer/synthesis --family="Cyclone IV E" --part=EP4CE6E22C8
Progress: Loading ip/logic_analyzer.qsys
Progress: Reading input file
Progress: Adding signaltap_ii_logic_analyzer_0 [altera_signaltap_ii_logic_analyzer 24.1]
Progress: Parameterizing module signaltap_ii_logic_analyzer_0
Progress: Building connections
Progress: Parameterizing connections
Progress: Validating
Progress: Done reading input file
Info: logic_analyzer: Generating "logic_analyzer" for QUARTUS_SYNTH
Info: signaltap_ii_logic_analyzer_0: "logic_analyzer" instantiated altera_signaltap_ii_logic_analyzer "signaltap_ii_logic_analyzer_0"
Info: logic_analyzer: Done "logic_analyzer" with 2 modules, 1 files
Info: qsys-generate succeeded.
Info: Finished: Create HDL design files for synthesis
